// Jest Snapshot v1, https://goo.gl/fbAQLP

exports[`ADMIN: Products Grid Paginator renders with c = 5, t=16, i=2 1`] = `
<Bootstrap(Pagination)>
  <PageItem
    active={false}
    activeLabel="(current)"
    className="arrow"
    disabled={false}
    onClick={[Function]}
  >
    &lt;
  </PageItem>
  <PageItem
    active={false}
    activeLabel="(current)"
    className="removable"
    disabled={false}
    key="page1"
    onClick={[Function]}
  >
    1
  </PageItem>
  <Ellipsis
    className="removable"
    key="ellipsis1"
  />
  <PageItem
    active={false}
    activeLabel="(current)"
    className="removable"
    disabled={false}
    key="page4"
    onClick={[Function]}
  >
    4
  </PageItem>
  <PageItem
    active={true}
    activeLabel="(current)"
    disabled={false}
  >
    5
  </PageItem>
  <PageItem
    active={false}
    activeLabel="(current)"
    className="removable"
    disabled={false}
    key="page6"
    onClick={[Function]}
  >
    6
  </PageItem>
  <PageItem
    active={false}
    activeLabel="(current)"
    className="removable"
    disabled={false}
    key="page7"
    onClick={[Function]}
  >
    7
  </PageItem>
  <PageItem
    active={false}
    activeLabel="(current)"
    className="removable"
    disabled={false}
    key="page8"
    onClick={[Function]}
  >
    8
  </PageItem>
  <PageItem
    active={false}
    activeLabel="(current)"
    className="arrow"
    disabled={false}
    onClick={[Function]}
  >
    &gt;
  </PageItem>
</Bootstrap(Pagination)>
`;
