// Jest Snapshot v1, https://goo.gl/fbAQLP

exports[`Admin Page renders correctly 1`] = `
<ContextProvider
  value={null}
>
  <AdminPage
    adminOption="Users"
    dispatch={null}
    fetchProducts={[Function]}
    store={
      Object {
        "clearActions": [Function],
        "dispatch": [Function],
        "getActions": [Function],
        "getState": [Function],
        "replaceReducer": [Function],
        "subscribe": [Function],
      }
    }
  />
</ContextProvider>
`;
