// Jest Snapshot v1, https://goo.gl/fbAQLP

exports[`AdminNavBar renders correctly 1`] = `
<nav
  className="navbar navbar-expand navbar-dark bg-dark sticky-top"
>
  <span
    className="navbar-brand navbar-brand"
  >
    <a
      href="/admin/dashboard"
      onClick={[Function]}
    >
      <img
        alt=""
        className="mx-auto"
        height="75"
        id="adminNavBarLogo"
        src="/assets/logo.png"
        width="75"
      />
    </a>
  </span>
  <div
    className="iconButtonWrapper admin"
  >
    <div
      className="iconButton"
      onClick={[Function]}
    >
      <svg
        className="mx-auto buttonIcon"
        color="#fff"
        fill="currentColor"
        height="1em"
        stroke="currentColor"
        strokeWidth="0"
        style={
          Object {
            "color": "#fff",
          }
        }
        viewBox="0 0 24 24"
        width="1em"
        xmlns="http://www.w3.org/2000/svg"
      >
        <path
          d="M12 12c2.21 0 4-1.79 4-4s-1.79-4-4-4-4 1.79-4 4 1.79 4 4 4zm0 2c-2.67 0-8 1.34-8 4v2h16v-2c0-2.66-5.33-4-8-4z"
        />
      </svg>
    </div>
  </div>
</nav>
`;
