// Jest Snapshot v1, https://goo.gl/fbAQLP

exports[`AdminTabBar renders correctly 1`] = `
<ContextProvider
  value={null}
>
  <AdminTabBar
    active="Users"
    dispatch={null}
    handleClick={[Function]}
    store={
      Object {
        "clearActions": [Function],
        "dispatch": [Function],
        "getActions": [Function],
        "getState": [Function],
        "replaceReducer": [Function],
        "subscribe": [Function],
      }
    }
  />
</ContextProvider>
`;
